2024-11-06 23:08:25,507 - PIL.Image - DEBUG - Importing BlpImagePlugin
2024-11-06 23:08:25,508 - PIL.Image - DEBUG - Importing BmpImagePlugin
2024-11-06 23:08:25,510 - PIL.Image - DEBUG - Importing BufrStubImagePlugin
2024-11-06 23:08:25,511 - PIL.Image - DEBUG - Importing CurImagePlugin
2024-11-06 23:08:25,513 - PIL.Image - DEBUG - Importing DcxImagePlugin
2024-11-06 23:08:25,523 - PIL.Image - DEBUG - Importing DdsImagePlugin
2024-11-06 23:08:25,526 - PIL.Image - DEBUG - Importing EpsImagePlugin
2024-11-06 23:08:25,527 - PIL.Image - DEBUG - Importing FitsImagePlugin
2024-11-06 23:08:25,528 - PIL.Image - DEBUG - Importing FliImagePlugin
2024-11-06 23:08:25,530 - PIL.Image - DEBUG - Importing FpxImagePlugin
2024-11-06 23:08:25,532 - PIL.Image - DEBUG - Image: failed to import FpxImagePlugin: No module named 'olefile'
2024-11-06 23:08:25,533 - PIL.Image - DEBUG - Importing FtexImagePlugin
2024-11-06 23:08:25,536 - PIL.Image - DEBUG - Importing GbrImagePlugin
2024-11-06 23:08:25,537 - PIL.Image - DEBUG - Importing GifImagePlugin
2024-11-06 23:08:25,537 - PIL.Image - DEBUG - Importing GribStubImagePlugin
2024-11-06 23:08:25,540 - PIL.Image - DEBUG - Importing Hdf5StubImagePlugin
2024-11-06 23:08:25,541 - PIL.Image - DEBUG - Importing IcnsImagePlugin
2024-11-06 23:08:25,544 - PIL.Image - DEBUG - Importing IcoImagePlugin
2024-11-06 23:08:25,546 - PIL.Image - DEBUG - Importing ImImagePlugin
2024-11-06 23:08:25,547 - PIL.Image - DEBUG - Importing ImtImagePlugin
2024-11-06 23:08:25,548 - PIL.Image - DEBUG - Importing IptcImagePlugin
2024-11-06 23:08:25,550 - PIL.Image - DEBUG - Importing JpegImagePlugin
2024-11-06 23:08:25,550 - PIL.Image - DEBUG - Importing Jpeg2KImagePlugin
2024-11-06 23:08:25,550 - PIL.Image - DEBUG - Importing McIdasImagePlugin
2024-11-06 23:08:25,551 - PIL.Image - DEBUG - Importing MicImagePlugin
2024-11-06 23:08:25,553 - PIL.Image - DEBUG - Image: failed to import MicImagePlugin: No module named 'olefile'
2024-11-06 23:08:25,553 - PIL.Image - DEBUG - Importing MpegImagePlugin
2024-11-06 23:08:25,554 - PIL.Image - DEBUG - Importing MpoImagePlugin
2024-11-06 23:08:25,558 - PIL.Image - DEBUG - Importing MspImagePlugin
2024-11-06 23:08:25,559 - PIL.Image - DEBUG - Importing PalmImagePlugin
2024-11-06 23:08:25,560 - PIL.Image - DEBUG - Importing PcdImagePlugin
2024-11-06 23:08:25,561 - PIL.Image - DEBUG - Importing PcxImagePlugin
2024-11-06 23:08:25,561 - PIL.Image - DEBUG - Importing PdfImagePlugin
2024-11-06 23:08:25,567 - PIL.Image - DEBUG - Importing PixarImagePlugin
2024-11-06 23:08:25,568 - PIL.Image - DEBUG - Importing PngImagePlugin
2024-11-06 23:08:25,568 - PIL.Image - DEBUG - Importing PpmImagePlugin
2024-11-06 23:08:25,568 - PIL.Image - DEBUG - Importing PsdImagePlugin
2024-11-06 23:08:25,570 - PIL.Image - DEBUG - Importing QoiImagePlugin
2024-11-06 23:08:25,571 - PIL.Image - DEBUG - Importing SgiImagePlugin
2024-11-06 23:08:25,572 - PIL.Image - DEBUG - Importing SpiderImagePlugin
2024-11-06 23:08:25,573 - PIL.Image - DEBUG - Importing SunImagePlugin
2024-11-06 23:08:25,574 - PIL.Image - DEBUG - Importing TgaImagePlugin
2024-11-06 23:08:25,575 - PIL.Image - DEBUG - Importing TiffImagePlugin
2024-11-06 23:08:25,575 - PIL.Image - DEBUG - Importing WebPImagePlugin
2024-11-06 23:08:25,595 - PIL.Image - DEBUG - Importing WmfImagePlugin
2024-11-06 23:08:25,600 - PIL.Image - DEBUG - Importing XbmImagePlugin
2024-11-06 23:08:25,611 - PIL.Image - DEBUG - Importing XpmImagePlugin
2024-11-06 23:08:25,619 - PIL.Image - DEBUG - Importing XVThumbImagePlugin
2024-11-06 23:08:25,629 - PIL.TiffImagePlugin - DEBUG - Tiffinfo Keys: []
2024-11-06 23:08:25,629 - PIL.TiffImagePlugin - DEBUG - Tag 256, Type: 4, Value: 800
2024-11-06 23:08:25,630 - PIL.TiffImagePlugin - DEBUG - save: ImageWidth (256) - type: long (4) - value: (800,)
2024-11-06 23:08:25,630 - PIL.TiffImagePlugin - DEBUG - Tag 257, Type: 4, Value: 600
2024-11-06 23:08:25,630 - PIL.TiffImagePlugin - DEBUG - save: ImageLength (257) - type: long (4) - value: (600,)
2024-11-06 23:08:25,630 - PIL.TiffImagePlugin - DEBUG - Tag 258, Type: 3, Value: (8, 8, 8, 8)
2024-11-06 23:08:25,630 - PIL.TiffImagePlugin - DEBUG - save: BitsPerSample (258) - type: short (3) - value: (8, 8, 8, 8)
2024-11-06 23:08:25,630 - PIL.TiffImagePlugin - DEBUG - Tag 259, Type: 3, Value: 1
2024-11-06 23:08:25,630 - PIL.TiffImagePlugin - DEBUG - save: Compression (259) - type: short (3) - value: (1,)
2024-11-06 23:08:25,631 - PIL.TiffImagePlugin - DEBUG - Tag 262, Type: 3, Value: 5
2024-11-06 23:08:25,631 - PIL.TiffImagePlugin - DEBUG - save: PhotometricInterpretation (262) - type: short (3) - value: (5,)
2024-11-06 23:08:25,631 - PIL.TiffImagePlugin - DEBUG - Tag 273, Type: 4, Value: (0,)
2024-11-06 23:08:25,631 - PIL.TiffImagePlugin - DEBUG - save: StripOffsets (273) - type: long (4) - value: (0,)
2024-11-06 23:08:25,631 - PIL.TiffImagePlugin - DEBUG - Tag 277, Type: 3, Value: 4
2024-11-06 23:08:25,631 - PIL.TiffImagePlugin - DEBUG - save: SamplesPerPixel (277) - type: short (3) - value: (4,)
2024-11-06 23:08:25,632 - PIL.TiffImagePlugin - DEBUG - Tag 278, Type: 4, Value: 600
2024-11-06 23:08:25,632 - PIL.TiffImagePlugin - DEBUG - save: RowsPerStrip (278) - type: long (4) - value: (600,)
2024-11-06 23:08:25,632 - PIL.TiffImagePlugin - DEBUG - Tag 279, Type: 4, Value: (1920000,)
2024-11-06 23:08:25,632 - PIL.TiffImagePlugin - DEBUG - save: StripByteCounts (279) - type: long (4) - value: (1920000,)
2024-11-06 23:08:25,632 - PIL.TiffImagePlugin - DEBUG - Tag 284, Type: 3, Value: 1
2024-11-06 23:08:25,633 - PIL.TiffImagePlugin - DEBUG - save: PlanarConfiguration (284) - type: short (3) - value: (1,)
2024-11-06 23:08:25,633 - PIL.TiffImagePlugin - DEBUG - 256 4 1 b' \x03\x00\x00' b''
2024-11-06 23:08:25,633 - PIL.TiffImagePlugin - DEBUG - 257 4 1 b'X\x02\x00\x00' b''
2024-11-06 23:08:25,633 - PIL.TiffImagePlugin - DEBUG - 258 3 4 b'\x86\x00\x00\x00' b'\x08\x00\x08\x00\x08\x00\x08\x00'
2024-11-06 23:08:25,633 - PIL.TiffImagePlugin - DEBUG - 259 3 1 b'\x01\x00\x00\x00' b''
2024-11-06 23:08:25,633 - PIL.TiffImagePlugin - DEBUG - 262 3 1 b'\x05\x00\x00\x00' b''
2024-11-06 23:08:25,633 - PIL.TiffImagePlugin - DEBUG - 273 4 1 b'\x8e\x00\x00\x00' b''
2024-11-06 23:08:25,634 - PIL.TiffImagePlugin - DEBUG - 277 3 1 b'\x04\x00\x00\x00' b''
2024-11-06 23:08:25,634 - PIL.TiffImagePlugin - DEBUG - 278 4 1 b'X\x02\x00\x00' b''
2024-11-06 23:08:25,634 - PIL.TiffImagePlugin - DEBUG - 279 4 1 b'\x00L\x1d\x00' b''
2024-11-06 23:08:25,634 - PIL.TiffImagePlugin - DEBUG - 284 3 1 b'\x01\x00\x00\x00' b''
2024-11-06 23:08:27,568 - editor.image_processor - DEBUG - Crop area: (5, 21, 245, 213)
2024-11-06 23:08:27,568 - editor.image_processor - DEBUG - Original image size: (256, 256)
2024-11-06 23:08:27,569 - editor.image_processor - DEBUG - Cropped image size: (245, 213)
2024-11-06 23:08:27,587 - PIL.TiffImagePlugin - DEBUG - Tiffinfo Keys: []
2024-11-06 23:08:27,588 - PIL.TiffImagePlugin - DEBUG - Tag 256, Type: 4, Value: 800
2024-11-06 23:08:27,588 - PIL.TiffImagePlugin - DEBUG - save: ImageWidth (256) - type: long (4) - value: (800,)
2024-11-06 23:08:27,588 - PIL.TiffImagePlugin - DEBUG - Tag 257, Type: 4, Value: 600
2024-11-06 23:08:27,588 - PIL.TiffImagePlugin - DEBUG - save: ImageLength (257) - type: long (4) - value: (600,)
2024-11-06 23:08:27,588 - PIL.TiffImagePlugin - DEBUG - Tag 258, Type: 3, Value: (8, 8, 8, 8)
2024-11-06 23:08:27,588 - PIL.TiffImagePlugin - DEBUG - save: BitsPerSample (258) - type: short (3) - value: (8, 8, 8, 8)
2024-11-06 23:08:27,589 - PIL.TiffImagePlugin - DEBUG - Tag 259, Type: 3, Value: 1
2024-11-06 23:08:27,589 - PIL.TiffImagePlugin - DEBUG - save: Compression (259) - type: short (3) - value: (1,)
2024-11-06 23:08:27,589 - PIL.TiffImagePlugin - DEBUG - Tag 262, Type: 3, Value: 5
2024-11-06 23:08:27,589 - PIL.TiffImagePlugin - DEBUG - save: PhotometricInterpretation (262) - type: short (3) - value: (5,)
2024-11-06 23:08:27,589 - PIL.TiffImagePlugin - DEBUG - Tag 273, Type: 4, Value: (0,)
2024-11-06 23:08:27,589 - PIL.TiffImagePlugin - DEBUG - save: StripOffsets (273) - type: long (4) - value: (0,)
2024-11-06 23:08:27,590 - PIL.TiffImagePlugin - DEBUG - Tag 277, Type: 3, Value: 4
2024-11-06 23:08:27,590 - PIL.TiffImagePlugin - DEBUG - save: SamplesPerPixel (277) - type: short (3) - value: (4,)
2024-11-06 23:08:27,590 - PIL.TiffImagePlugin - DEBUG - Tag 278, Type: 4, Value: 600
2024-11-06 23:08:27,590 - PIL.TiffImagePlugin - DEBUG - save: RowsPerStrip (278) - type: long (4) - value: (600,)
2024-11-06 23:08:27,590 - PIL.TiffImagePlugin - DEBUG - Tag 279, Type: 4, Value: (1920000,)
2024-11-06 23:08:27,591 - PIL.TiffImagePlugin - DEBUG - save: StripByteCounts (279) - type: long (4) - value: (1920000,)
2024-11-06 23:08:27,591 - PIL.TiffImagePlugin - DEBUG - Tag 284, Type: 3, Value: 1
2024-11-06 23:08:27,591 - PIL.TiffImagePlugin - DEBUG - save: PlanarConfiguration (284) - type: short (3) - value: (1,)
2024-11-06 23:08:27,591 - PIL.TiffImagePlugin - DEBUG - 256 4 1 b' \x03\x00\x00' b''
2024-11-06 23:08:27,591 - PIL.TiffImagePlugin - DEBUG - 257 4 1 b'X\x02\x00\x00' b''
2024-11-06 23:08:27,591 - PIL.TiffImagePlugin - DEBUG - 258 3 4 b'\x86\x00\x00\x00' b'\x08\x00\x08\x00\x08\x00\x08\x00'
2024-11-06 23:08:27,592 - PIL.TiffImagePlugin - DEBUG - 259 3 1 b'\x01\x00\x00\x00' b''
2024-11-06 23:08:27,592 - PIL.TiffImagePlugin - DEBUG - 262 3 1 b'\x05\x00\x00\x00' b''
2024-11-06 23:08:27,592 - PIL.TiffImagePlugin - DEBUG - 273 4 1 b'\x8e\x00\x00\x00' b''
2024-11-06 23:08:27,592 - PIL.TiffImagePlugin - DEBUG - 277 3 1 b'\x04\x00\x00\x00' b''
2024-11-06 23:08:27,592 - PIL.TiffImagePlugin - DEBUG - 278 4 1 b'X\x02\x00\x00' b''
2024-11-06 23:08:27,593 - PIL.TiffImagePlugin - DEBUG - 279 4 1 b'\x00L\x1d\x00' b''
2024-11-06 23:08:27,593 - PIL.TiffImagePlugin - DEBUG - 284 3 1 b'\x01\x00\x00\x00' b''
2024-11-06 23:08:27,628 - PIL.TiffImagePlugin - DEBUG - Tiffinfo Keys: []
2024-11-06 23:08:27,628 - PIL.TiffImagePlugin - DEBUG - Tag 256, Type: 4, Value: 800
2024-11-06 23:08:27,628 - PIL.TiffImagePlugin - DEBUG - save: ImageWidth (256) - type: long (4) - value: (800,)
2024-11-06 23:08:27,629 - PIL.TiffImagePlugin - DEBUG - Tag 257, Type: 4, Value: 600
2024-11-06 23:08:27,629 - PIL.TiffImagePlugin - DEBUG - save: ImageLength (257) - type: long (4) - value: (600,)
2024-11-06 23:08:27,629 - PIL.TiffImagePlugin - DEBUG - Tag 258, Type: 3, Value: (8, 8, 8, 8)
2024-11-06 23:08:27,629 - PIL.TiffImagePlugin - DEBUG - save: BitsPerSample (258) - type: short (3) - value: (8, 8, 8, 8)
2024-11-06 23:08:27,629 - PIL.TiffImagePlugin - DEBUG - Tag 259, Type: 3, Value: 1
2024-11-06 23:08:27,630 - PIL.TiffImagePlugin - DEBUG - save: Compression (259) - type: short (3) - value: (1,)
2024-11-06 23:08:27,630 - PIL.TiffImagePlugin - DEBUG - Tag 262, Type: 3, Value: 5
2024-11-06 23:08:27,630 - PIL.TiffImagePlugin - DEBUG - save: PhotometricInterpretation (262) - type: short (3) - value: (5,)
2024-11-06 23:08:27,630 - PIL.TiffImagePlugin - DEBUG - Tag 273, Type: 4, Value: (0,)
2024-11-06 23:08:27,630 - PIL.TiffImagePlugin - DEBUG - save: StripOffsets (273) - type: long (4) - value: (0,)
2024-11-06 23:08:27,631 - PIL.TiffImagePlugin - DEBUG - Tag 277, Type: 3, Value: 4
2024-11-06 23:08:27,631 - PIL.TiffImagePlugin - DEBUG - save: SamplesPerPixel (277) - type: short (3) - value: (4,)
2024-11-06 23:08:27,631 - PIL.TiffImagePlugin - DEBUG - Tag 278, Type: 4, Value: 600
2024-11-06 23:08:27,631 - PIL.TiffImagePlugin - DEBUG - save: RowsPerStrip (278) - type: long (4) - value: (600,)
2024-11-06 23:08:27,631 - PIL.TiffImagePlugin - DEBUG - Tag 279, Type: 4, Value: (1920000,)
2024-11-06 23:08:27,632 - PIL.TiffImagePlugin - DEBUG - save: StripByteCounts (279) - type: long (4) - value: (1920000,)
2024-11-06 23:08:27,632 - PIL.TiffImagePlugin - DEBUG - Tag 284, Type: 3, Value: 1
2024-11-06 23:08:27,632 - PIL.TiffImagePlugin - DEBUG - save: PlanarConfiguration (284) - type: short (3) - value: (1,)
2024-11-06 23:08:27,632 - PIL.TiffImagePlugin - DEBUG - 256 4 1 b' \x03\x00\x00' b''
2024-11-06 23:08:27,632 - PIL.TiffImagePlugin - DEBUG - 257 4 1 b'X\x02\x00\x00' b''
2024-11-06 23:08:27,633 - PIL.TiffImagePlugin - DEBUG - 258 3 4 b'\x86\x00\x00\x00' b'\x08\x00\x08\x00\x08\x00\x08\x00'
2024-11-06 23:08:27,633 - PIL.TiffImagePlugin - DEBUG - 259 3 1 b'\x01\x00\x00\x00' b''
2024-11-06 23:08:27,633 - PIL.TiffImagePlugin - DEBUG - 262 3 1 b'\x05\x00\x00\x00' b''
2024-11-06 23:08:27,633 - PIL.TiffImagePlugin - DEBUG - 273 4 1 b'\x8e\x00\x00\x00' b''
2024-11-06 23:08:27,633 - PIL.TiffImagePlugin - DEBUG - 277 3 1 b'\x04\x00\x00\x00' b''
2024-11-06 23:08:27,633 - PIL.TiffImagePlugin - DEBUG - 278 4 1 b'X\x02\x00\x00' b''
2024-11-06 23:08:27,634 - PIL.TiffImagePlugin - DEBUG - 279 4 1 b'\x00L\x1d\x00' b''
2024-11-06 23:08:27,634 - PIL.TiffImagePlugin - DEBUG - 284 3 1 b'\x01\x00\x00\x00' b''
2024-11-06 23:08:27,654 - ImageAnalyzer - INFO - アノテーションファイルの読み込み中にエラーが発生しました: No module named 'module.cleanup_txt'
2024-11-06 23:08:27,659 - ImageAnalyzer - INFO - アノテーションファイルの読み込み中にエラーが発生しました: No module named 'module.cleanup_txt'
2024-11-06 23:08:27,661 - FileSystemManager - DEBUG - 初期化
2024-11-06 23:08:27,661 - editor.image_processor - INFO - ImageProcessingManagerが正常に初期化。
